C:/Users/wisse/Desktop/stm_projetcs/stm32h7b3i-dk-touchgfx/Core/BSP/water_pump_mangement/water_pump_mangement.c:18:6:control_pump_with_humidity	8	static
C:/Users/wisse/Desktop/stm_projetcs/stm32h7b3i-dk-touchgfx/Core/BSP/water_pump_mangement/water_pump_mangement.c:47:6:control_pump_from_UI	8	static
C:/Users/wisse/Desktop/stm_projetcs/stm32h7b3i-dk-touchgfx/Core/BSP/water_pump_mangement/water_pump_mangement.c:54:6:pump_poweroff	0	static
C:/Users/wisse/Desktop/stm_projetcs/stm32h7b3i-dk-touchgfx/Core/BSP/water_pump_mangement/water_pump_mangement.c:60:6:pump_forced_on	0	static
C:/Users/wisse/Desktop/stm_projetcs/stm32h7b3i-dk-touchgfx/Core/BSP/water_pump_mangement/water_pump_mangement.c:65:6:set_pump_in_manuel_mode	0	static
