C:/Users/wisse/Desktop/stm_projetcs/stm32h7b3i-dk-touchgfx/Core/drivers/water_pump/water_pump.c:111:6:pump_PWM_Start	0	static
C:/Users/wisse/Desktop/stm_projetcs/stm32h7b3i-dk-touchgfx/Core/drivers/water_pump/water_pump.c:135:6:set_pump_speed	8	static
C:/Users/wisse/Desktop/stm_projetcs/stm32h7b3i-dk-touchgfx/Core/drivers/water_pump/water_pump.c:101:6:water_pump_init	120	static
C:/Users/wisse/Desktop/stm_projetcs/stm32h7b3i-dk-touchgfx/Core/drivers/water_pump/water_pump.c:154:7:turn_off_pump	0	static
C:/Users/wisse/Desktop/stm_projetcs/stm32h7b3i-dk-touchgfx/Core/drivers/water_pump/water_pump.c:160:6:turn_pump_on	0	static
C:/Users/wisse/Desktop/stm_projetcs/stm32h7b3i-dk-touchgfx/Core/drivers/water_pump/water_pump.c:165:6:pump_forced_off	0	static
C:/Users/wisse/Desktop/stm_projetcs/stm32h7b3i-dk-touchgfx/Core/drivers/water_pump/water_pump.c:175:6:pump_force_on	0	static
C:/Users/wisse/Desktop/stm_projetcs/stm32h7b3i-dk-touchgfx/Core/drivers/water_pump/water_pump.c:182:6:pump_in_maneul_mode	0	static
