C:/Users/wisse/Desktop/stm_projetcs/stm32h7b3i-dk-touchgfx/Core/Src/main.c:257:6:SystemClock_Config	2
C:/Users/wisse/Desktop/stm_projetcs/stm32h7b3i-dk-touchgfx/Core/Src/main.c:318:6:PeriphCommonClock_Config	1
C:/Users/wisse/Desktop/stm_projetcs/stm32h7b3i-dk-touchgfx/Core/Src/main.c:134:5:main	5
C:/Users/wisse/Desktop/stm_projetcs/stm32h7b3i-dk-touchgfx/Core/Src/main.c:832:6:StartDefaultTask	1
C:/Users/wisse/Desktop/stm_projetcs/stm32h7b3i-dk-touchgfx/Core/Src/main.c:906:6:HAL_TIM_PeriodElapsedCallback	2
C:/Users/wisse/Desktop/stm_projetcs/stm32h7b3i-dk-touchgfx/Core/Src/main.c:923:6:Error_Handler	1
