C:/Users/wisse/Desktop/stm_projetcs/stm32h7b3i-dk-touchgfx/Core/Src/main.c:257:6:SystemClock_Config	120	static
C:/Users/wisse/Desktop/stm_projetcs/stm32h7b3i-dk-touchgfx/Core/Src/main.c:318:6:PeriphCommonClock_Config	200	static
C:/Users/wisse/Desktop/stm_projetcs/stm32h7b3i-dk-touchgfx/Core/Src/main.c:134:5:main	120	static,ignoring_inline_asm
C:/Users/wisse/Desktop/stm_projetcs/stm32h7b3i-dk-touchgfx/Core/Src/main.c:832:6:StartDefaultTask	8	static
C:/Users/wisse/Desktop/stm_projetcs/stm32h7b3i-dk-touchgfx/Core/Src/main.c:906:6:HAL_TIM_PeriodElapsedCallback	0	static
C:/Users/wisse/Desktop/stm_projetcs/stm32h7b3i-dk-touchgfx/Core/Src/main.c:923:6:Error_Handler	0	static
