C:/Users/wisse/Desktop/tpe/tpe_09_04/Core/Src/stm32h7xx_hal_msp.c:68:6:HAL_MspInit	8	static
C:/Users/wisse/Desktop/tpe/tpe_09_04/Core/Src/stm32h7xx_hal_msp.c:92:6:HAL_CRC_MspInit	8	static
C:/Users/wisse/Desktop/tpe/tpe_09_04/Core/Src/stm32h7xx_hal_msp.c:115:6:HAL_CRC_MspDeInit	0	static
C:/Users/wisse/Desktop/tpe/tpe_09_04/Core/Src/stm32h7xx_hal_msp.c:137:6:HAL_DMA2D_MspInit	16	static
C:/Users/wisse/Desktop/tpe/tpe_09_04/Core/Src/stm32h7xx_hal_msp.c:163:6:HAL_DMA2D_MspDeInit	0	static
C:/Users/wisse/Desktop/tpe/tpe_09_04/Core/Src/stm32h7xx_hal_msp.c:188:6:HAL_I2C_MspInit	232	static
C:/Users/wisse/Desktop/tpe/tpe_09_04/Core/Src/stm32h7xx_hal_msp.c:235:6:HAL_I2C_MspDeInit	8	static
C:/Users/wisse/Desktop/tpe/tpe_09_04/Core/Src/stm32h7xx_hal_msp.c:266:6:HAL_JPEG_MspInit	24	static
C:/Users/wisse/Desktop/tpe/tpe_09_04/Core/Src/stm32h7xx_hal_msp.c:350:6:HAL_JPEG_MspDeInit	8	static
C:/Users/wisse/Desktop/tpe/tpe_09_04/Core/Src/stm32h7xx_hal_msp.c:379:6:HAL_LTDC_MspInit	248	static
C:/Users/wisse/Desktop/tpe/tpe_09_04/Core/Src/stm32h7xx_hal_msp.c:483:6:HAL_LTDC_MspDeInit	8	static
C:/Users/wisse/Desktop/tpe/tpe_09_04/Core/Src/stm32h7xx_hal_msp.c:548:6:HAL_OSPI_MspInit	208	static
C:/Users/wisse/Desktop/tpe/tpe_09_04/Core/Src/stm32h7xx_hal_msp.c:594:6:HAL_OSPI_MspDeInit	0	static
C:/Users/wisse/Desktop/tpe/tpe_09_04/Core/Src/stm32h7xx_hal_msp.c:725:6:HAL_SDRAM_MspInit	240	static
C:/Users/wisse/Desktop/tpe/tpe_09_04/Core/Src/stm32h7xx_hal_msp.c:809:6:HAL_SDRAM_MspDeInit	8	static
