C:/Users/USER/Desktop/pfa_final/tpe_29_04V2/tpe_27_04_v2/Core/BSP/water_pump_mangement/water_pump_mangement.c:18:6:control_pump_with_humidity	32	static
C:/Users/USER/Desktop/pfa_final/tpe_29_04V2/tpe_27_04_v2/Core/BSP/water_pump_mangement/water_pump_mangement.c:47:6:control_pump_from_UI	16	static
C:/Users/USER/Desktop/pfa_final/tpe_29_04V2/tpe_27_04_v2/Core/BSP/water_pump_mangement/water_pump_mangement.c:54:6:pump_poweroff	8	static
C:/Users/USER/Desktop/pfa_final/tpe_29_04V2/tpe_27_04_v2/Core/BSP/water_pump_mangement/water_pump_mangement.c:60:6:pump_forced_on	8	static
C:/Users/USER/Desktop/pfa_final/tpe_29_04V2/tpe_27_04_v2/Core/BSP/water_pump_mangement/water_pump_mangement.c:65:6:set_pump_in_manuel_mode	8	static
