C:/Users/USER/Desktop/pfa_final/tpe_29_04V2/tpe_27_04_v2/Core/Src/main.c:138:5:main	24	static,ignoring_inline_asm
C:/Users/USER/Desktop/pfa_final/tpe_29_04V2/tpe_27_04_v2/Core/Src/main.c:261:6:SystemClock_Config	120	static
C:/Users/USER/Desktop/pfa_final/tpe_29_04V2/tpe_27_04_v2/Core/Src/main.c:322:6:PeriphCommonClock_Config	200	static
C:/Users/USER/Desktop/pfa_final/tpe_29_04V2/tpe_27_04_v2/Core/Src/main.c:350:13:MX_ADC1_Init	48	static
C:/Users/USER/Desktop/pfa_final/tpe_29_04V2/tpe_27_04_v2/Core/Src/main.c:418:13:MX_ADC2_Init	40	static
C:/Users/USER/Desktop/pfa_final/tpe_29_04V2/tpe_27_04_v2/Core/Src/main.c:477:13:MX_CRC_Init	8	static
C:/Users/USER/Desktop/pfa_final/tpe_29_04V2/tpe_27_04_v2/Core/Src/main.c:508:13:MX_DMA2D_Init	8	static
C:/Users/USER/Desktop/pfa_final/tpe_29_04V2/tpe_27_04_v2/Core/Src/main.c:548:13:MX_I2C4_Init	8	static
C:/Users/USER/Desktop/pfa_final/tpe_29_04V2/tpe_27_04_v2/Core/Src/main.c:596:13:MX_JPEG_Init	8	static
C:/Users/USER/Desktop/pfa_final/tpe_29_04V2/tpe_27_04_v2/Core/Src/main.c:622:13:MX_LTDC_Init	64	static
C:/Users/USER/Desktop/pfa_final/tpe_29_04V2/tpe_27_04_v2/Core/Src/main.c:684:13:MX_OCTOSPI1_Init	16	static
C:/Users/USER/Desktop/pfa_final/tpe_29_04V2/tpe_27_04_v2/Core/Src/main.c:739:13:MX_TIM8_Init	120	static
C:/Users/USER/Desktop/pfa_final/tpe_29_04V2/tpe_27_04_v2/Core/Src/main.c:819:13:MX_TIM12_Init	48	static
C:/Users/USER/Desktop/pfa_final/tpe_29_04V2/tpe_27_04_v2/Core/Src/main.c:866:13:MX_MDMA_Init	16	static
C:/Users/USER/Desktop/pfa_final/tpe_29_04V2/tpe_27_04_v2/Core/Src/main.c:881:13:MX_FMC_Init	40	static
C:/Users/USER/Desktop/pfa_final/tpe_29_04V2/tpe_27_04_v2/Core/Src/main.c:932:13:MX_GPIO_Init	72	static
C:/Users/USER/Desktop/pfa_final/tpe_29_04V2/tpe_27_04_v2/Core/Src/main.c:1013:13:SDRAM_Initialization_Sequence	24	static
C:/Users/USER/Desktop/pfa_final/tpe_29_04V2/tpe_27_04_v2/Core/Src/main.c:1077:6:StartDefaultTask	16	static
C:/Users/USER/Desktop/pfa_final/tpe_29_04V2/tpe_27_04_v2/Core/Src/main.c:1091:6:MPU_Config	24	static
C:/Users/USER/Desktop/pfa_final/tpe_29_04V2/tpe_27_04_v2/Core/Src/main.c:1151:6:HAL_TIM_PeriodElapsedCallback	16	static
C:/Users/USER/Desktop/pfa_final/tpe_29_04V2/tpe_27_04_v2/Core/Src/main.c:1168:6:Error_Handler	4	static
