C:/Users/wisse/Desktop/stm_projetcs/stm32h7b3i-dk-touchgfx/Core/Src/main.c:134:5:main	5
C:/Users/wisse/Desktop/stm_projetcs/stm32h7b3i-dk-touchgfx/Core/Src/main.c:257:6:SystemClock_Config	4
C:/Users/wisse/Desktop/stm_projetcs/stm32h7b3i-dk-touchgfx/Core/Src/main.c:318:6:PeriphCommonClock_Config	2
C:/Users/wisse/Desktop/stm_projetcs/stm32h7b3i-dk-touchgfx/Core/Src/main.c:348:13:MX_CRC_Init	2
C:/Users/wisse/Desktop/stm_projetcs/stm32h7b3i-dk-touchgfx/Core/Src/main.c:379:13:MX_DMA2D_Init	3
C:/Users/wisse/Desktop/stm_projetcs/stm32h7b3i-dk-touchgfx/Core/Src/main.c:419:13:MX_I2C4_Init	4
C:/Users/wisse/Desktop/stm_projetcs/stm32h7b3i-dk-touchgfx/Core/Src/main.c:467:13:MX_JPEG_Init	2
C:/Users/wisse/Desktop/stm_projetcs/stm32h7b3i-dk-touchgfx/Core/Src/main.c:493:13:MX_LTDC_Init	3
C:/Users/wisse/Desktop/stm_projetcs/stm32h7b3i-dk-touchgfx/Core/Src/main.c:555:13:MX_OCTOSPI1_Init	4
C:/Users/wisse/Desktop/stm_projetcs/stm32h7b3i-dk-touchgfx/Core/Src/main.c:621:13:MX_MDMA_Init	1
C:/Users/wisse/Desktop/stm_projetcs/stm32h7b3i-dk-touchgfx/Core/Src/main.c:636:13:MX_FMC_Init	2
C:/Users/wisse/Desktop/stm_projetcs/stm32h7b3i-dk-touchgfx/Core/Src/main.c:687:13:MX_GPIO_Init	1
C:/Users/wisse/Desktop/stm_projetcs/stm32h7b3i-dk-touchgfx/Core/Src/main.c:768:13:SDRAM_Initialization_Sequence	1
C:/Users/wisse/Desktop/stm_projetcs/stm32h7b3i-dk-touchgfx/Core/Src/main.c:832:6:StartDefaultTask	1
C:/Users/wisse/Desktop/stm_projetcs/stm32h7b3i-dk-touchgfx/Core/Src/main.c:846:6:MPU_Config	1
C:/Users/wisse/Desktop/stm_projetcs/stm32h7b3i-dk-touchgfx/Core/Src/main.c:906:6:HAL_TIM_PeriodElapsedCallback	2
C:/Users/wisse/Desktop/stm_projetcs/stm32h7b3i-dk-touchgfx/Core/Src/main.c:923:6:Error_Handler	1
