C:/Users/wisse/Desktop/pej/stm32h7b3i-dk-touchgfx/Core/Src/main.c:137:6:Copy_ITCM_DTCM_Code	16	static
C:/Users/wisse/Desktop/pej/stm32h7b3i-dk-touchgfx/Core/Src/main.c:159:5:main	24	static,ignoring_inline_asm
C:/Users/wisse/Desktop/pej/stm32h7b3i-dk-touchgfx/Core/Src/main.c:282:6:SystemClock_Config	120	static
C:/Users/wisse/Desktop/pej/stm32h7b3i-dk-touchgfx/Core/Src/main.c:343:6:PeriphCommonClock_Config	200	static
C:/Users/wisse/Desktop/pej/stm32h7b3i-dk-touchgfx/Core/Src/main.c:373:13:MX_CRC_Init	8	static
C:/Users/wisse/Desktop/pej/stm32h7b3i-dk-touchgfx/Core/Src/main.c:404:13:MX_DMA2D_Init	8	static
C:/Users/wisse/Desktop/pej/stm32h7b3i-dk-touchgfx/Core/Src/main.c:444:13:MX_I2C4_Init	8	static
C:/Users/wisse/Desktop/pej/stm32h7b3i-dk-touchgfx/Core/Src/main.c:492:13:MX_JPEG_Init	8	static
C:/Users/wisse/Desktop/pej/stm32h7b3i-dk-touchgfx/Core/Src/main.c:518:13:MX_LTDC_Init	64	static
C:/Users/wisse/Desktop/pej/stm32h7b3i-dk-touchgfx/Core/Src/main.c:580:13:MX_OCTOSPI1_Init	16	static
C:/Users/wisse/Desktop/pej/stm32h7b3i-dk-touchgfx/Core/Src/main.c:646:13:MX_MDMA_Init	16	static
C:/Users/wisse/Desktop/pej/stm32h7b3i-dk-touchgfx/Core/Src/main.c:661:13:MX_FMC_Init	40	static
C:/Users/wisse/Desktop/pej/stm32h7b3i-dk-touchgfx/Core/Src/main.c:712:13:MX_GPIO_Init	72	static
C:/Users/wisse/Desktop/pej/stm32h7b3i-dk-touchgfx/Core/Src/main.c:793:13:SDRAM_Initialization_Sequence	24	static
C:/Users/wisse/Desktop/pej/stm32h7b3i-dk-touchgfx/Core/Src/main.c:857:6:StartDefaultTask	16	static
C:/Users/wisse/Desktop/pej/stm32h7b3i-dk-touchgfx/Core/Src/main.c:871:6:MPU_Config	24	static
C:/Users/wisse/Desktop/pej/stm32h7b3i-dk-touchgfx/Core/Src/main.c:931:6:HAL_TIM_PeriodElapsedCallback	16	static
C:/Users/wisse/Desktop/pej/stm32h7b3i-dk-touchgfx/Core/Src/main.c:948:6:Error_Handler	4	static
