C:/Users/wisse/Desktop/stm_projetcs/stm32h7b3i-dk-touchgfx/Core/Src/main.c:134:5:main	24	static,ignoring_inline_asm
C:/Users/wisse/Desktop/stm_projetcs/stm32h7b3i-dk-touchgfx/Core/Src/main.c:257:6:SystemClock_Config	120	static
C:/Users/wisse/Desktop/stm_projetcs/stm32h7b3i-dk-touchgfx/Core/Src/main.c:318:6:PeriphCommonClock_Config	200	static
C:/Users/wisse/Desktop/stm_projetcs/stm32h7b3i-dk-touchgfx/Core/Src/main.c:348:13:MX_CRC_Init	8	static
C:/Users/wisse/Desktop/stm_projetcs/stm32h7b3i-dk-touchgfx/Core/Src/main.c:379:13:MX_DMA2D_Init	8	static
C:/Users/wisse/Desktop/stm_projetcs/stm32h7b3i-dk-touchgfx/Core/Src/main.c:419:13:MX_I2C4_Init	8	static
C:/Users/wisse/Desktop/stm_projetcs/stm32h7b3i-dk-touchgfx/Core/Src/main.c:467:13:MX_JPEG_Init	8	static
C:/Users/wisse/Desktop/stm_projetcs/stm32h7b3i-dk-touchgfx/Core/Src/main.c:493:13:MX_LTDC_Init	64	static
C:/Users/wisse/Desktop/stm_projetcs/stm32h7b3i-dk-touchgfx/Core/Src/main.c:555:13:MX_OCTOSPI1_Init	16	static
C:/Users/wisse/Desktop/stm_projetcs/stm32h7b3i-dk-touchgfx/Core/Src/main.c:621:13:MX_MDMA_Init	16	static
C:/Users/wisse/Desktop/stm_projetcs/stm32h7b3i-dk-touchgfx/Core/Src/main.c:636:13:MX_FMC_Init	40	static
C:/Users/wisse/Desktop/stm_projetcs/stm32h7b3i-dk-touchgfx/Core/Src/main.c:687:13:MX_GPIO_Init	72	static
C:/Users/wisse/Desktop/stm_projetcs/stm32h7b3i-dk-touchgfx/Core/Src/main.c:768:13:SDRAM_Initialization_Sequence	24	static
C:/Users/wisse/Desktop/stm_projetcs/stm32h7b3i-dk-touchgfx/Core/Src/main.c:832:6:StartDefaultTask	16	static
C:/Users/wisse/Desktop/stm_projetcs/stm32h7b3i-dk-touchgfx/Core/Src/main.c:846:6:MPU_Config	24	static
C:/Users/wisse/Desktop/stm_projetcs/stm32h7b3i-dk-touchgfx/Core/Src/main.c:906:6:HAL_TIM_PeriodElapsedCallback	16	static
C:/Users/wisse/Desktop/stm_projetcs/stm32h7b3i-dk-touchgfx/Core/Src/main.c:923:6:Error_Handler	4	static
