C:/Users/wisse/Desktop/pej/stm32h7b3i-dk-touchgfx/Core/Src/main.c:134:6:Copy_ITCM_Code	16	static
C:/Users/wisse/Desktop/pej/stm32h7b3i-dk-touchgfx/Core/Src/main.c:150:5:main	24	static,ignoring_inline_asm
C:/Users/wisse/Desktop/pej/stm32h7b3i-dk-touchgfx/Core/Src/main.c:273:6:SystemClock_Config	120	static
C:/Users/wisse/Desktop/pej/stm32h7b3i-dk-touchgfx/Core/Src/main.c:334:6:PeriphCommonClock_Config	200	static
C:/Users/wisse/Desktop/pej/stm32h7b3i-dk-touchgfx/Core/Src/main.c:364:13:MX_CRC_Init	8	static
C:/Users/wisse/Desktop/pej/stm32h7b3i-dk-touchgfx/Core/Src/main.c:395:13:MX_DMA2D_Init	8	static
C:/Users/wisse/Desktop/pej/stm32h7b3i-dk-touchgfx/Core/Src/main.c:435:13:MX_I2C4_Init	8	static
C:/Users/wisse/Desktop/pej/stm32h7b3i-dk-touchgfx/Core/Src/main.c:483:13:MX_JPEG_Init	8	static
C:/Users/wisse/Desktop/pej/stm32h7b3i-dk-touchgfx/Core/Src/main.c:509:13:MX_LTDC_Init	64	static
C:/Users/wisse/Desktop/pej/stm32h7b3i-dk-touchgfx/Core/Src/main.c:571:13:MX_OCTOSPI1_Init	16	static
C:/Users/wisse/Desktop/pej/stm32h7b3i-dk-touchgfx/Core/Src/main.c:637:13:MX_MDMA_Init	16	static
C:/Users/wisse/Desktop/pej/stm32h7b3i-dk-touchgfx/Core/Src/main.c:652:13:MX_FMC_Init	40	static
C:/Users/wisse/Desktop/pej/stm32h7b3i-dk-touchgfx/Core/Src/main.c:703:13:MX_GPIO_Init	72	static
C:/Users/wisse/Desktop/pej/stm32h7b3i-dk-touchgfx/Core/Src/main.c:784:13:SDRAM_Initialization_Sequence	24	static
C:/Users/wisse/Desktop/pej/stm32h7b3i-dk-touchgfx/Core/Src/main.c:848:6:StartDefaultTask	16	static
C:/Users/wisse/Desktop/pej/stm32h7b3i-dk-touchgfx/Core/Src/main.c:862:6:MPU_Config	24	static
C:/Users/wisse/Desktop/pej/stm32h7b3i-dk-touchgfx/Core/Src/main.c:922:6:HAL_TIM_PeriodElapsedCallback	16	static
C:/Users/wisse/Desktop/pej/stm32h7b3i-dk-touchgfx/Core/Src/main.c:939:6:Error_Handler	4	static
