C:/Users/USER/Desktop/pfa_final/tpe_29_04V2/tpe_27_04_v2/Core/Src/stm32h7xx_hal_msp.c:70:6:HAL_MspInit	16	static
C:/Users/USER/Desktop/pfa_final/tpe_29_04V2/tpe_27_04_v2/Core/Src/stm32h7xx_hal_msp.c:96:6:HAL_ADC_MspInit	32	static
C:/Users/USER/Desktop/pfa_final/tpe_29_04V2/tpe_27_04_v2/Core/Src/stm32h7xx_hal_msp.c:149:6:HAL_ADC_MspDeInit	16	static
C:/Users/USER/Desktop/pfa_final/tpe_29_04V2/tpe_27_04_v2/Core/Src/stm32h7xx_hal_msp.c:190:6:HAL_CRC_MspInit	24	static
C:/Users/USER/Desktop/pfa_final/tpe_29_04V2/tpe_27_04_v2/Core/Src/stm32h7xx_hal_msp.c:213:6:HAL_CRC_MspDeInit	16	static
C:/Users/USER/Desktop/pfa_final/tpe_29_04V2/tpe_27_04_v2/Core/Src/stm32h7xx_hal_msp.c:235:6:HAL_DMA2D_MspInit	24	static
C:/Users/USER/Desktop/pfa_final/tpe_29_04V2/tpe_27_04_v2/Core/Src/stm32h7xx_hal_msp.c:261:6:HAL_DMA2D_MspDeInit	16	static
C:/Users/USER/Desktop/pfa_final/tpe_29_04V2/tpe_27_04_v2/Core/Src/stm32h7xx_hal_msp.c:286:6:HAL_I2C_MspInit	240	static
C:/Users/USER/Desktop/pfa_final/tpe_29_04V2/tpe_27_04_v2/Core/Src/stm32h7xx_hal_msp.c:333:6:HAL_I2C_MspDeInit	16	static
C:/Users/USER/Desktop/pfa_final/tpe_29_04V2/tpe_27_04_v2/Core/Src/stm32h7xx_hal_msp.c:364:6:HAL_JPEG_MspInit	24	static
C:/Users/USER/Desktop/pfa_final/tpe_29_04V2/tpe_27_04_v2/Core/Src/stm32h7xx_hal_msp.c:448:6:HAL_JPEG_MspDeInit	16	static
C:/Users/USER/Desktop/pfa_final/tpe_29_04V2/tpe_27_04_v2/Core/Src/stm32h7xx_hal_msp.c:477:6:HAL_LTDC_MspInit	248	static
C:/Users/USER/Desktop/pfa_final/tpe_29_04V2/tpe_27_04_v2/Core/Src/stm32h7xx_hal_msp.c:581:6:HAL_LTDC_MspDeInit	16	static
C:/Users/USER/Desktop/pfa_final/tpe_29_04V2/tpe_27_04_v2/Core/Src/stm32h7xx_hal_msp.c:646:6:HAL_OSPI_MspInit	24	static
C:/Users/USER/Desktop/pfa_final/tpe_29_04V2/tpe_27_04_v2/Core/Src/stm32h7xx_hal_msp.c:673:6:HAL_OSPI_MspDeInit	16	static
C:/Users/USER/Desktop/pfa_final/tpe_29_04V2/tpe_27_04_v2/Core/Src/stm32h7xx_hal_msp.c:699:6:HAL_TIM_Base_MspInit	24	static
C:/Users/USER/Desktop/pfa_final/tpe_29_04V2/tpe_27_04_v2/Core/Src/stm32h7xx_hal_msp.c:722:6:HAL_TIM_PWM_MspInit	24	static
C:/Users/USER/Desktop/pfa_final/tpe_29_04V2/tpe_27_04_v2/Core/Src/stm32h7xx_hal_msp.c:739:6:HAL_TIM_MspPostInit	48	static
C:/Users/USER/Desktop/pfa_final/tpe_29_04V2/tpe_27_04_v2/Core/Src/stm32h7xx_hal_msp.c:791:6:HAL_TIM_Base_MspDeInit	16	static
C:/Users/USER/Desktop/pfa_final/tpe_29_04V2/tpe_27_04_v2/Core/Src/stm32h7xx_hal_msp.c:813:6:HAL_TIM_PWM_MspDeInit	16	static
C:/Users/USER/Desktop/pfa_final/tpe_29_04V2/tpe_27_04_v2/Core/Src/stm32h7xx_hal_msp.c:831:13:HAL_FMC_MspInit	232	static
C:/Users/USER/Desktop/pfa_final/tpe_29_04V2/tpe_27_04_v2/Core/Src/stm32h7xx_hal_msp.c:940:6:HAL_SDRAM_MspInit	16	static
C:/Users/USER/Desktop/pfa_final/tpe_29_04V2/tpe_27_04_v2/Core/Src/stm32h7xx_hal_msp.c:952:13:HAL_FMC_MspDeInit	8	static
C:/Users/USER/Desktop/pfa_final/tpe_29_04V2/tpe_27_04_v2/Core/Src/stm32h7xx_hal_msp.c:1024:6:HAL_SDRAM_MspDeInit	16	static
