C:/Users/wisse/Desktop/stm_projetcs/stm32h7b3i-dk-touchgfx/Core/Src/stm32h7xx_it.c:79:6:NMI_Handler	4	static
C:/Users/wisse/Desktop/stm_projetcs/stm32h7b3i-dk-touchgfx/Core/Src/stm32h7xx_it.c:92:6:HardFault_Handler	4	static,ignoring_inline_asm
C:/Users/wisse/Desktop/stm_projetcs/stm32h7b3i-dk-touchgfx/Core/Src/stm32h7xx_it.c:114:6:MemManage_Handler	4	static
C:/Users/wisse/Desktop/stm_projetcs/stm32h7b3i-dk-touchgfx/Core/Src/stm32h7xx_it.c:129:6:BusFault_Handler	4	static
C:/Users/wisse/Desktop/stm_projetcs/stm32h7b3i-dk-touchgfx/Core/Src/stm32h7xx_it.c:144:6:UsageFault_Handler	4	static
C:/Users/wisse/Desktop/stm_projetcs/stm32h7b3i-dk-touchgfx/Core/Src/stm32h7xx_it.c:159:6:DebugMon_Handler	4	static
C:/Users/wisse/Desktop/stm_projetcs/stm32h7b3i-dk-touchgfx/Core/Src/stm32h7xx_it.c:179:6:EXTI2_IRQHandler	8	static
C:/Users/wisse/Desktop/stm_projetcs/stm32h7b3i-dk-touchgfx/Core/Src/stm32h7xx_it.c:193:6:TIM6_DAC_IRQHandler	8	static
C:/Users/wisse/Desktop/stm_projetcs/stm32h7b3i-dk-touchgfx/Core/Src/stm32h7xx_it.c:207:6:LTDC_IRQHandler	8	static
C:/Users/wisse/Desktop/stm_projetcs/stm32h7b3i-dk-touchgfx/Core/Src/stm32h7xx_it.c:221:6:DMA2D_IRQHandler	8	static
C:/Users/wisse/Desktop/stm_projetcs/stm32h7b3i-dk-touchgfx/Core/Src/stm32h7xx_it.c:235:6:OCTOSPI1_IRQHandler	8	static
C:/Users/wisse/Desktop/stm_projetcs/stm32h7b3i-dk-touchgfx/Core/Src/stm32h7xx_it.c:249:6:JPEG_IRQHandler	8	static
C:/Users/wisse/Desktop/stm_projetcs/stm32h7b3i-dk-touchgfx/Core/Src/stm32h7xx_it.c:263:6:MDMA_IRQHandler	8	static
C:/Users/wisse/Desktop/stm_projetcs/stm32h7b3i-dk-touchgfx/Core/Src/stm32h7xx_it.c:276:6:HardFault_Handler_C	64	static
C:/Users/wisse/Desktop/stm_projetcs/stm32h7b3i-dk-touchgfx/Core/Src/stm32h7xx_it.c:320:13:print_reg	16	static
