C:/Users/USER/Desktop/pfa_final/tpe_29_04V2/tpe_27_04_v2/Core/drivers/water_pump/water_pump.c:24:13:pump_TIM8_Init	120	static
C:/Users/USER/Desktop/pfa_final/tpe_29_04V2/tpe_27_04_v2/Core/drivers/water_pump/water_pump.c:101:6:water_pump_init	8	static
C:/Users/USER/Desktop/pfa_final/tpe_29_04V2/tpe_27_04_v2/Core/drivers/water_pump/water_pump.c:111:6:pump_PWM_Start	8	static
C:/Users/USER/Desktop/pfa_final/tpe_29_04V2/tpe_27_04_v2/Core/drivers/water_pump/water_pump.c:126:13:pwm_out	16	static
C:/Users/USER/Desktop/pfa_final/tpe_29_04V2/tpe_27_04_v2/Core/drivers/water_pump/water_pump.c:135:6:set_pump_speed	24	static
C:/Users/USER/Desktop/pfa_final/tpe_29_04V2/tpe_27_04_v2/Core/drivers/water_pump/water_pump.c:146:17:map_percentage_to_pwm	16	static
C:/Users/USER/Desktop/pfa_final/tpe_29_04V2/tpe_27_04_v2/Core/drivers/water_pump/water_pump.c:154:7:turn_off_pump	8	static
C:/Users/USER/Desktop/pfa_final/tpe_29_04V2/tpe_27_04_v2/Core/drivers/water_pump/water_pump.c:160:6:turn_pump_on	4	static
C:/Users/USER/Desktop/pfa_final/tpe_29_04V2/tpe_27_04_v2/Core/drivers/water_pump/water_pump.c:165:6:pump_forced_off	8	static
C:/Users/USER/Desktop/pfa_final/tpe_29_04V2/tpe_27_04_v2/Core/drivers/water_pump/water_pump.c:175:6:pump_force_on	8	static
C:/Users/USER/Desktop/pfa_final/tpe_29_04V2/tpe_27_04_v2/Core/drivers/water_pump/water_pump.c:182:6:pump_in_maneul_mode	4	static
