../../TouchGFX/target/STM32TouchController.hpp:36:7:STM32TouchController::~STM32TouchController()	0	static
C:/Users/wisse/Desktop/stm_projetcs/stm32h7b3i-dk-touchgfx/TouchGFX/target/STM32TouchController.cpp:28:6:virtual void STM32TouchController::init()	24	static
../../TouchGFX/target/STM32TouchController.hpp:36:7:virtual STM32TouchController::~STM32TouchController()	8	static
C:/Users/wisse/Desktop/stm_projetcs/stm32h7b3i-dk-touchgfx/TouchGFX/target/STM32TouchController.cpp:39:6:virtual bool STM32TouchController::sampleTouch(int32_t&, int32_t&)	32	static,ignoring_inline_asm
