C:/Users/wisse/Desktop/pej/stm32h7b3i-dk-touchgfx/Core/BSP/hum_manager/hum_manager.c:33:6:humidity_task_init	8	static
C:/Users/wisse/Desktop/pej/stm32h7b3i-dk-touchgfx/Core/BSP/hum_manager/hum_manager.c:65:6:start_humidity_task	8	static
C:/Users/wisse/Desktop/pej/stm32h7b3i-dk-touchgfx/Core/BSP/hum_manager/hum_manager.c:74:13:humidity_task	24	static
C:/Users/wisse/Desktop/pej/stm32h7b3i-dk-touchgfx/Core/BSP/hum_manager/hum_manager.c:99:50:add_hum_to_queue	24	static
C:/Users/wisse/Desktop/pej/stm32h7b3i-dk-touchgfx/Core/BSP/hum_manager/hum_manager.c:116:46:get_humdity_from_queue	16	static
