../../TouchGFX/target/generated/HardwareMJPEGDecoder.hpp:62:22:virtual uint32_t HardwareMJPEGDecoder::getCurrentFrameNumber() const	0	static
../../TouchGFX/target/generated/HardwareMJPEGDecoder.hpp:75:23:virtual MJPEGDecoder::AVIErrors HardwareMJPEGDecoder::getLastError()	0	static
C:/Users/wisse/Desktop/stm_projetcs/stm32h7b3i-dk-touchgfx/TouchGFX/target/generated/HardwareMJPEGDecoder.cpp:283:6:virtual bool HardwareMJPEGDecoder::hasVideo()	0	static
C:/Users/wisse/Desktop/stm_projetcs/stm32h7b3i-dk-touchgfx/TouchGFX/target/generated/HardwareMJPEGDecoder.cpp:480:10:virtual uint32_t HardwareMJPEGDecoder::getNumberOfFrames()	0	static
C:/Users/wisse/Desktop/stm_projetcs/stm32h7b3i-dk-touchgfx/TouchGFX/target/generated/HardwareMJPEGDecoder.cpp:485:6:virtual void HardwareMJPEGDecoder::setRepeatVideo(bool)	0	static
C:/Users/wisse/Desktop/stm_projetcs/stm32h7b3i-dk-touchgfx/TouchGFX/target/generated/HardwareMJPEGDecoder.cpp:490:6:virtual void HardwareMJPEGDecoder::getVideoInfo(touchgfx::VideoInformation*)	8	static
../../TouchGFX/target/generated/HardwareMJPEGDecoder.hpp:45:7:HardwareMJPEGDecoder::~HardwareMJPEGDecoder()	0	static
C:/Users/wisse/Desktop/stm_projetcs/stm32h7b3i-dk-touchgfx/TouchGFX/target/generated/HardwareMJPEGDecoder.cpp:454:6:virtual bool HardwareMJPEGDecoder::decodeThumbnail(uint32_t, uint8_t*, uint16_t, uint16_t)	8	static
../../TouchGFX/target/generated/HardwareMJPEGDecoder.hpp:45:7:virtual HardwareMJPEGDecoder::~HardwareMJPEGDecoder()	8	static
C:/Users/wisse/Desktop/stm_projetcs/stm32h7b3i-dk-touchgfx/TouchGFX/target/generated/HardwareMJPEGDecoder.cpp:86:1:HardwareMJPEGDecoder::HardwareMJPEGDecoder()	8	static
C:/Users/wisse/Desktop/stm_projetcs/stm32h7b3i-dk-touchgfx/TouchGFX/target/generated/HardwareMJPEGDecoder.cpp:100:5:int HardwareMJPEGDecoder::compare(uint32_t, const char*, uint32_t)	4	static
C:/Users/wisse/Desktop/stm_projetcs/stm32h7b3i-dk-touchgfx/TouchGFX/target/generated/HardwareMJPEGDecoder.cpp:115:17:uint32_t HardwareMJPEGDecoder::getU32(uint32_t)	8	static
C:/Users/wisse/Desktop/stm_projetcs/stm32h7b3i-dk-touchgfx/TouchGFX/target/generated/HardwareMJPEGDecoder.cpp:135:17:uint32_t HardwareMJPEGDecoder::getU16(uint32_t)	0	static
C:/Users/wisse/Desktop/stm_projetcs/stm32h7b3i-dk-touchgfx/TouchGFX/target/generated/HardwareMJPEGDecoder.cpp:153:16:const uint8_t* HardwareMJPEGDecoder::readData(uint32_t, uint32_t)	16	static
C:/Users/wisse/Desktop/stm_projetcs/stm32h7b3i-dk-touchgfx/TouchGFX/target/generated/HardwareMJPEGDecoder.cpp:228:6:virtual bool HardwareMJPEGDecoder::gotoNextFrame()	32	static
C:/Users/wisse/Desktop/stm_projetcs/stm32h7b3i-dk-touchgfx/TouchGFX/target/generated/HardwareMJPEGDecoder.cpp:460:6:virtual void HardwareMJPEGDecoder::gotoFrame(uint32_t)	16	static
C:/Users/wisse/Desktop/stm_projetcs/stm32h7b3i-dk-touchgfx/TouchGFX/target/generated/HardwareMJPEGDecoder.cpp:288:6:void HardwareMJPEGDecoder::readVideoHeader()	24	static
C:/Users/wisse/Desktop/stm_projetcs/stm32h7b3i-dk-touchgfx/TouchGFX/target/generated/HardwareMJPEGDecoder.cpp:265:6:virtual void HardwareMJPEGDecoder::setVideoData(const uint8_t*, uint32_t)	0	static
C:/Users/wisse/Desktop/stm_projetcs/stm32h7b3i-dk-touchgfx/TouchGFX/target/generated/HardwareMJPEGDecoder.cpp:274:6:virtual void HardwareMJPEGDecoder::setVideoData(touchgfx::VideoDataReader&)	8	static
C:/Users/wisse/Desktop/stm_projetcs/stm32h7b3i-dk-touchgfx/TouchGFX/target/generated/HardwareMJPEGDecoder.cpp:507:14:uint32_t JPEG_Decode_DMA(JPEG_HandleTypeDef*, uint8_t*, uint32_t, uint8_t*)	24	static
C:/Users/wisse/Desktop/stm_projetcs/stm32h7b3i-dk-touchgfx/TouchGFX/target/generated/HardwareMJPEGDecoder.cpp:537:10:void HAL_JPEG_InfoReadyCallback(JPEG_HandleTypeDef*, JPEG_ConfTypeDef*)	0	static
C:/Users/wisse/Desktop/stm_projetcs/stm32h7b3i-dk-touchgfx/TouchGFX/target/generated/HardwareMJPEGDecoder.cpp:593:10:void HAL_JPEG_GetDataCallback(JPEG_HandleTypeDef*, uint32_t)	8	static
C:/Users/wisse/Desktop/stm_projetcs/stm32h7b3i-dk-touchgfx/TouchGFX/target/generated/HardwareMJPEGDecoder.cpp:612:10:void HAL_JPEG_DataReadyCallback(JPEG_HandleTypeDef*, uint8_t*, uint32_t)	24	static
C:/Users/wisse/Desktop/stm_projetcs/stm32h7b3i-dk-touchgfx/TouchGFX/target/generated/HardwareMJPEGDecoder.cpp:647:10:void HAL_JPEG_ErrorCallback(JPEG_HandleTypeDef*)	0	static,ignoring_inline_asm
C:/Users/wisse/Desktop/stm_projetcs/stm32h7b3i-dk-touchgfx/TouchGFX/target/generated/HardwareMJPEGDecoder.cpp:660:10:void HAL_JPEG_DecodeCpltCallback(JPEG_HandleTypeDef*)	0	static
C:/Users/wisse/Desktop/stm_projetcs/stm32h7b3i-dk-touchgfx/TouchGFX/target/generated/HardwareMJPEGDecoder.cpp:671:10:uint32_t JPEG_OutputHandler(JPEG_HandleTypeDef*)	16	static
C:/Users/wisse/Desktop/stm_projetcs/stm32h7b3i-dk-touchgfx/TouchGFX/target/generated/HardwareMJPEGDecoder.cpp:390:6:void HardwareMJPEGDecoder::decodeMJPEGFrame(const uint8_t*, uint32_t, uint8_t*, uint16_t, uint16_t, uint32_t)	16	static
C:/Users/wisse/Desktop/stm_projetcs/stm32h7b3i-dk-touchgfx/TouchGFX/target/generated/HardwareMJPEGDecoder.cpp:176:6:virtual bool HardwareMJPEGDecoder::decodeNextFrame(uint8_t*, uint16_t, uint16_t, uint32_t)	56	static
C:/Users/wisse/Desktop/stm_projetcs/stm32h7b3i-dk-touchgfx/TouchGFX/target/generated/HardwareMJPEGDecoder.cpp:431:6:virtual bool HardwareMJPEGDecoder::decodeFrame(const touchgfx::Rect&, uint8_t*, uint32_t)	24	static
C:/Users/wisse/Desktop/stm_projetcs/stm32h7b3i-dk-touchgfx/TouchGFX/target/generated/HardwareMJPEGDecoder.cpp:700:6:void DMA2D_CopyBuffer(JPEG_Data_BufferTypeDef&)	20	static
C:/Users/wisse/Desktop/stm_projetcs/stm32h7b3i-dk-touchgfx/TouchGFX/target/generated/HardwareMJPEGDecoder.cpp:743:6:void DMA2D_ExternalJobCompleted(JPEG_Data_BufferTypeDef&)	0	static
