C:/Users/USER/Desktop/pfa_final/tpe_29_04V2/tpe_27_04_v2/Core/drivers/fun/fun.c:25:13:fun_TIM1_Init	48	static
C:/Users/USER/Desktop/pfa_final/tpe_29_04V2/tpe_27_04_v2/Core/drivers/fun/fun.c:72:6:fun_init	8	static
C:/Users/USER/Desktop/pfa_final/tpe_29_04V2/tpe_27_04_v2/Core/drivers/fun/fun.c:84:6:fun_PWM_Start	8	static
C:/Users/USER/Desktop/pfa_final/tpe_29_04V2/tpe_27_04_v2/Core/drivers/fun/fun.c:99:13:fun_pwm_out	16	static
C:/Users/USER/Desktop/pfa_final/tpe_29_04V2/tpe_27_04_v2/Core/drivers/fun/fun.c:106:6:set_fun_speed	24	static
C:/Users/USER/Desktop/pfa_final/tpe_29_04V2/tpe_27_04_v2/Core/drivers/fun/fun.c:115:17:map_percentage_to_pwm2	16	static
C:/Users/USER/Desktop/pfa_final/tpe_29_04V2/tpe_27_04_v2/Core/drivers/fun/fun.c:123:7:turn_off_fun	8	static
C:/Users/USER/Desktop/pfa_final/tpe_29_04V2/tpe_27_04_v2/Core/drivers/fun/fun.c:131:6:fun_forced_off	8	static
C:/Users/USER/Desktop/pfa_final/tpe_29_04V2/tpe_27_04_v2/Core/drivers/fun/fun.c:139:6:fun_force_on	8	static
C:/Users/USER/Desktop/pfa_final/tpe_29_04V2/tpe_27_04_v2/Core/drivers/fun/fun.c:144:6:turn_fun_on	4	static
C:/Users/USER/Desktop/pfa_final/tpe_29_04V2/tpe_27_04_v2/Core/drivers/fun/fun.c:148:6:fun_in_maneul_mode	4	static
