C:/Users/wisse/Desktop/stm_projetcs/stm32h7b3i-dk-touchgfx/Core/BSP/co2_sensor_mangement/co2_sensor_mangement.c:77:13:co2_task	16	static
C:/Users/wisse/Desktop/stm_projetcs/stm32h7b3i-dk-touchgfx/Core/BSP/co2_sensor_mangement/co2_sensor_mangement.c:56:6:co2_task_init	0	static
C:/Users/wisse/Desktop/stm_projetcs/stm32h7b3i-dk-touchgfx/Core/BSP/co2_sensor_mangement/co2_sensor_mangement.c:70:6:start_co2_task	8	static
C:/Users/wisse/Desktop/stm_projetcs/stm32h7b3i-dk-touchgfx/Core/BSP/co2_sensor_mangement/co2_sensor_mangement.c:115:46:get_co2_from_queue	8	static
