../../Middlewares/ST/touchgfx/framework/include/touchgfx/Screen.hpp:104:18:virtual void touchgfx::Screen::afterTransition()	0	static
../../Middlewares/ST/touchgfx/framework/include/touchgfx/Screen.hpp:144:18:virtual void touchgfx::Screen::handleTickEvent()	0	static
../../Middlewares/ST/touchgfx/framework/include/touchgfx/Screen.hpp:154:18:virtual void touchgfx::Screen::handleKeyEvent(uint8_t)	0	static
C:/Users/wisse/Desktop/tpe/tpe_09_04/TouchGFX/gui/src/alert_screen/AlertView.cpp:13:6:virtual void AlertView::tearDownScreen()	0	static
../../TouchGFX/gui/include/gui/alert_screen/AlertView.hpp:11:13:AlertView::~AlertView()	8	static
../../TouchGFX/gui/include/gui/alert_screen/AlertView.hpp:11:13:virtual AlertView::~AlertView()	8	static
C:/Users/wisse/Desktop/tpe/tpe_09_04/TouchGFX/gui/src/alert_screen/AlertView.cpp:3:1:AlertView::AlertView()	8	static
C:/Users/wisse/Desktop/tpe/tpe_09_04/TouchGFX/gui/src/alert_screen/AlertView.cpp:8:6:virtual void AlertView::setupScreen()	0	static
