../../TouchGFX/gui/include/gui/alert_screen/AlertPresenter.hpp:28:13:AlertPresenter::~AlertPresenter()	0	static
C:/Users/wisse/Desktop/tpe/tpe_09_04/TouchGFX/gui/src/alert_screen/AlertPresenter.cpp:10:6:virtual void AlertPresenter::activate()	0	static
../../TouchGFX/gui/include/gui/alert_screen/AlertPresenter.hpp:28:13:virtual AlertPresenter::~AlertPresenter()	8	static
../../TouchGFX/gui/include/gui/alert_screen/AlertPresenter.hpp:28:13:virtual void* AlertPresenter::_ZThn4_N14AlertPresenterD1Ev()	0	static
C:/Users/wisse/Desktop/tpe/tpe_09_04/TouchGFX/gui/src/alert_screen/AlertPresenter.cpp:4:1:AlertPresenter::AlertPresenter(AlertView&)	0	static
