../../TouchGFX/gui/include/gui/settings_screen/settingsPresenter.hpp:28:13:settingsPresenter::~settingsPresenter()	0	static
C:/Users/wisse/Desktop/tpe/tpe_09_04/TouchGFX/gui/src/settings_screen/settingsPresenter.cpp:10:6:virtual void settingsPresenter::activate()	0	static
../../TouchGFX/gui/include/gui/settings_screen/settingsPresenter.hpp:28:13:virtual settingsPresenter::~settingsPresenter()	8	static
../../TouchGFX/gui/include/gui/settings_screen/settingsPresenter.hpp:28:13:virtual void* settingsPresenter::_ZThn4_N17settingsPresenterD1Ev()	0	static
C:/Users/wisse/Desktop/tpe/tpe_09_04/TouchGFX/gui/src/settings_screen/settingsPresenter.cpp:4:1:settingsPresenter::settingsPresenter(settingsView&)	0	static
