../../Middlewares/ST/touchgfx/framework/include/touchgfx/Screen.hpp:104:18:virtual void touchgfx::Screen::afterTransition()	0	static
../../Middlewares/ST/touchgfx/framework/include/touchgfx/Screen.hpp:144:18:virtual void touchgfx::Screen::handleTickEvent()	0	static
../../Middlewares/ST/touchgfx/framework/include/touchgfx/Screen.hpp:154:18:virtual void touchgfx::Screen::handleKeyEvent(uint8_t)	0	static
C:/Users/wisse/Desktop/tpe/tpe_09_04/TouchGFX/gui/src/standby_screen/standbyView.cpp:13:6:virtual void standbyView::tearDownScreen()	0	static
../../TouchGFX/gui/include/gui/standby_screen/standbyView.hpp:11:13:standbyView::~standbyView()	8	static
../../TouchGFX/gui/include/gui/standby_screen/standbyView.hpp:11:13:virtual standbyView::~standbyView()	8	static
C:/Users/wisse/Desktop/tpe/tpe_09_04/TouchGFX/gui/src/standby_screen/standbyView.cpp:3:1:standbyView::standbyView()	8	static
C:/Users/wisse/Desktop/tpe/tpe_09_04/TouchGFX/gui/src/standby_screen/standbyView.cpp:8:6:virtual void standbyView::setupScreen()	0	static
