../../Middlewares/ST/touchgfx/framework/include/touchgfx/Screen.hpp:104:18:virtual void touchgfx::Screen::afterTransition()	0	static
../../Middlewares/ST/touchgfx/framework/include/touchgfx/Screen.hpp:144:18:virtual void touchgfx::Screen::handleTickEvent()	0	static
../../Middlewares/ST/touchgfx/framework/include/touchgfx/Screen.hpp:154:18:virtual void touchgfx::Screen::handleKeyEvent(uint8_t)	0	static
../../TouchGFX/generated/gui_generated/include/gui_generated/start_on_animation_screen/Start_on_animationViewBase.hpp:24:18:virtual void Start_on_animationViewBase::action1()	0	static
C:/Users/wisse/Desktop/tpe/tpe_09_04/TouchGFX/gui/src/start_on_animation_screen/Start_on_animationView.cpp:13:6:virtual void Start_on_animationView::tearDownScreen()	0	static
../../TouchGFX/gui/include/gui/start_on_animation_screen/Start_on_animationView.hpp:11:13:Start_on_animationView::~Start_on_animationView()	8	static
../../TouchGFX/gui/include/gui/start_on_animation_screen/Start_on_animationView.hpp:11:13:virtual Start_on_animationView::~Start_on_animationView()	8	static
C:/Users/wisse/Desktop/tpe/tpe_09_04/TouchGFX/gui/src/start_on_animation_screen/Start_on_animationView.cpp:3:1:Start_on_animationView::Start_on_animationView()	8	static
C:/Users/wisse/Desktop/tpe/tpe_09_04/TouchGFX/gui/src/start_on_animation_screen/Start_on_animationView.cpp:8:6:virtual void Start_on_animationView::setupScreen()	0	static
