../../Middlewares/ST/touchgfx/framework/include/touchgfx/Screen.hpp:104:18:virtual void touchgfx::Screen::afterTransition()	0	static
../../Middlewares/ST/touchgfx/framework/include/touchgfx/Screen.hpp:154:18:virtual void touchgfx::Screen::handleKeyEvent(uint8_t)	0	static
C:/Users/wisse/Desktop/stm_projetcs/stm32h7b3i-dk-touchgfx/TouchGFX/gui/src/status_screen/StatusView.cpp:33:6:virtual void StatusView::tearDownScreen()	0	static
../../TouchGFX/gui/include/gui/status_screen/StatusView.hpp:11:13:StatusView::~StatusView()	8	static
../../TouchGFX/gui/include/gui/status_screen/StatusView.hpp:11:13:virtual StatusView::~StatusView()	8	static
C:/Users/wisse/Desktop/stm_projetcs/stm32h7b3i-dk-touchgfx/TouchGFX/gui/src/status_screen/StatusView.cpp:93:6:virtual void StatusView::handleTickEvent()	16	static
../../Middlewares/ST/touchgfx/framework/include/touchgfx/widgets/graph/AbstractDataGraph.hpp:507:18:virtual void touchgfx::AbstractDataGraph::setGraphRangeY(int, int)	4	static
C:/Users/wisse/Desktop/stm_projetcs/stm32h7b3i-dk-touchgfx/TouchGFX/gui/src/status_screen/StatusView.cpp:20:1:StatusView::StatusView()	8	static
C:/Users/wisse/Desktop/stm_projetcs/stm32h7b3i-dk-touchgfx/TouchGFX/gui/src/status_screen/StatusView.cpp:25:6:virtual void StatusView::setupScreen()	8	static
C:/Users/wisse/Desktop/stm_projetcs/stm32h7b3i-dk-touchgfx/TouchGFX/gui/src/status_screen/StatusView.cpp:38:6:virtual void StatusView::sliderValueChanged(int)	16	static
C:/Users/wisse/Desktop/stm_projetcs/stm32h7b3i-dk-touchgfx/TouchGFX/gui/src/status_screen/StatusView.cpp:66:6:virtual void StatusView::co2sliderchange(int)	16	static
