../../Middlewares/ST/touchgfx/framework/include/touchgfx/Screen.hpp:104:18:virtual void touchgfx::Screen::afterTransition()	0	static
../../Middlewares/ST/touchgfx/framework/include/touchgfx/Screen.hpp:154:18:virtual void touchgfx::Screen::handleKeyEvent(uint8_t)	0	static
C:/Users/wisse/Desktop/tpe/tpe_09_04/TouchGFX/gui/src/status_screen/StatusView.cpp:31:6:virtual void StatusView::tearDownScreen()	0	static
C:/Users/wisse/Desktop/tpe/tpe_09_04/TouchGFX/gui/src/status_screen/StatusView.cpp:91:6:virtual void StatusView::handleTickEvent()	0	static
../../TouchGFX/gui/include/gui/status_screen/StatusView.hpp:11:13:StatusView::~StatusView()	8	static
../../TouchGFX/gui/include/gui/status_screen/StatusView.hpp:11:13:virtual StatusView::~StatusView()	8	static
../../Middlewares/ST/touchgfx/framework/include/touchgfx/widgets/graph/AbstractDataGraph.hpp:507:18:virtual void touchgfx::AbstractDataGraph::setGraphRangeY(int, int)	4	static
C:/Users/wisse/Desktop/tpe/tpe_09_04/TouchGFX/gui/src/status_screen/StatusView.cpp:18:1:StatusView::StatusView()	8	static
C:/Users/wisse/Desktop/tpe/tpe_09_04/TouchGFX/gui/src/status_screen/StatusView.cpp:23:6:virtual void StatusView::setupScreen()	8	static
C:/Users/wisse/Desktop/tpe/tpe_09_04/TouchGFX/gui/src/status_screen/StatusView.cpp:36:6:virtual void StatusView::sliderValueChanged(int)	16	static
C:/Users/wisse/Desktop/tpe/tpe_09_04/TouchGFX/gui/src/status_screen/StatusView.cpp:64:6:virtual void StatusView::co2sliderchange(int)	16	static
