../../Middlewares/ST/touchgfx/framework/include/touchgfx/Drawable.hpp:515:10:void touchgfx::Drawable::setVisible(bool)	16	static
../../Middlewares/ST/touchgfx/framework/include/touchgfx/Screen.hpp:104:18:virtual void touchgfx::Screen::afterTransition()	16	static
../../Middlewares/ST/touchgfx/framework/include/touchgfx/Screen.hpp:115:18:virtual void touchgfx::Screen::tearDownScreen()	16	static
../../Middlewares/ST/touchgfx/framework/include/touchgfx/Screen.hpp:144:18:virtual void touchgfx::Screen::handleTickEvent()	16	static
../../Middlewares/ST/touchgfx/framework/include/touchgfx/Screen.hpp:154:18:virtual void touchgfx::Screen::handleKeyEvent(uint8_t)	16	static
../../TouchGFX/gui/include/gui/settings_screen/settingsView.hpp:11:13:settingsView::~settingsView()	16	static
../../TouchGFX/gui/include/gui/settings_screen/settingsView.hpp:11:13:virtual settingsView::~settingsView()	16	static
C:/Users/USER/Desktop/pfa_final/tpe_29_04V2/tpe_27_04_v2/TouchGFX/gui/src/settings_screen/settingsView.cpp:10:1:settingsView::settingsView()	16	static
C:/Users/USER/Desktop/pfa_final/tpe_29_04V2/tpe_27_04_v2/TouchGFX/gui/src/settings_screen/settingsView.cpp:15:6:virtual void settingsView::setupScreen()	16	static
C:/Users/USER/Desktop/pfa_final/tpe_29_04V2/tpe_27_04_v2/TouchGFX/gui/src/settings_screen/settingsView.cpp:42:6:virtual void settingsView::tearDownScreen()	16	static
C:/Users/USER/Desktop/pfa_final/tpe_29_04V2/tpe_27_04_v2/TouchGFX/gui/src/settings_screen/settingsView.cpp:48:6:virtual void settingsView::hum_funct(int)	16	static
C:/Users/USER/Desktop/pfa_final/tpe_29_04V2/tpe_27_04_v2/TouchGFX/gui/src/settings_screen/settingsView.cpp:56:6:virtual void settingsView::co2_func(int)	16	static
C:/Users/USER/Desktop/pfa_final/tpe_29_04V2/tpe_27_04_v2/TouchGFX/gui/src/settings_screen/settingsView.cpp:64:6:virtual void settingsView::fun_manuel_func(int)	16	static
C:/Users/USER/Desktop/pfa_final/tpe_29_04V2/tpe_27_04_v2/TouchGFX/gui/src/settings_screen/settingsView.cpp:72:6:virtual void settingsView::pump_manuel_func(int)	16	static
C:/Users/USER/Desktop/pfa_final/tpe_29_04V2/tpe_27_04_v2/TouchGFX/gui/src/settings_screen/settingsView.cpp:80:6:void settingsView::set_humidty_threshold(uint8_t)	16	static
C:/Users/USER/Desktop/pfa_final/tpe_29_04V2/tpe_27_04_v2/TouchGFX/gui/src/settings_screen/settingsView.cpp:91:6:void settingsView::set_co2_threshold(uint16_t)	16	static
C:/Users/USER/Desktop/pfa_final/tpe_29_04V2/tpe_27_04_v2/TouchGFX/gui/src/settings_screen/settingsView.cpp:103:6:void settingsView::set_fun_speed_value(uint8_t)	16	static
C:/Users/USER/Desktop/pfa_final/tpe_29_04V2/tpe_27_04_v2/TouchGFX/gui/src/settings_screen/settingsView.cpp:114:6:void settingsView::set_pump_speed_value(uint8_t)	16	static
C:/Users/USER/Desktop/pfa_final/tpe_29_04V2/tpe_27_04_v2/TouchGFX/gui/src/settings_screen/settingsView.cpp:126:6:void settingsView::start_auto_settings()	16	static
C:/Users/USER/Desktop/pfa_final/tpe_29_04V2/tpe_27_04_v2/TouchGFX/gui/src/settings_screen/settingsView.cpp:177:6:void settingsView::start_manuel_settings()	16	static
C:/Users/USER/Desktop/pfa_final/tpe_29_04V2/tpe_27_04_v2/TouchGFX/gui/src/settings_screen/settingsView.cpp:238:6:void settingsView::diplay_pump_container(bool)	16	static
C:/Users/USER/Desktop/pfa_final/tpe_29_04V2/tpe_27_04_v2/TouchGFX/gui/src/settings_screen/settingsView.cpp:242:6:void settingsView::diplay_fun_container(bool)	16	static
