../../Middlewares/ST/touchgfx/framework/include/mvp/Presenter.hpp:37:18:virtual void touchgfx::Presenter::activate()	16	static
../../Middlewares/ST/touchgfx/framework/include/mvp/Presenter.hpp:47:18:virtual void touchgfx::Presenter::deactivate()	16	static
../../Middlewares/ST/touchgfx/framework/include/mvp/Presenter.hpp:52:13:touchgfx::Presenter::~Presenter()	16	static
../../Middlewares/ST/touchgfx/framework/include/mvp/Presenter.hpp:52:13:virtual touchgfx::Presenter::~Presenter()	16	static
../../Middlewares/ST/touchgfx/framework/include/mvp/Presenter.hpp:58:5:touchgfx::Presenter::Presenter()	16	static
../../TouchGFX/gui/include/gui/model/ModelListener.hpp:9:5:ModelListener::ModelListener()	16	static
../../TouchGFX/gui/include/gui/model/ModelListener.hpp:11:13:ModelListener::~ModelListener()	16	static
../../TouchGFX/gui/include/gui/model/ModelListener.hpp:11:13:virtual ModelListener::~ModelListener()	16	static
../../TouchGFX/gui/include/gui/start_on_animation_screen/Start_on_animationPresenter.hpp:28:13:Start_on_animationPresenter::~Start_on_animationPresenter()	16	static
../../TouchGFX/gui/include/gui/start_on_animation_screen/Start_on_animationPresenter.hpp:28:13:virtual Start_on_animationPresenter::~Start_on_animationPresenter()	16	static
C:/Users/USER/Desktop/pfa_final/tpe_29_04V2/tpe_27_04_v2/TouchGFX/gui/src/start_on_animation_screen/Start_on_animationPresenter.cpp:4:1:Start_on_animationPresenter::Start_on_animationPresenter(Start_on_animationView&)	16	static
C:/Users/USER/Desktop/pfa_final/tpe_29_04V2/tpe_27_04_v2/TouchGFX/gui/src/start_on_animation_screen/Start_on_animationPresenter.cpp:10:6:virtual void Start_on_animationPresenter::activate()	16	static
C:/Users/USER/Desktop/pfa_final/tpe_29_04V2/tpe_27_04_v2/TouchGFX/gui/src/start_on_animation_screen/Start_on_animationPresenter.cpp:15:6:virtual void Start_on_animationPresenter::deactivate()	16	static
