../../Middlewares/ST/touchgfx/framework/include/touchgfx/Font.hpp:169:13:touchgfx::Font::~Font()	16	static
../../Middlewares/ST/touchgfx/framework/include/touchgfx/Font.hpp:169:13:virtual touchgfx::Font::~Font()	16	static
../../Middlewares/ST/touchgfx/framework/include/touchgfx/ConstFont.hpp:35:7:touchgfx::ConstFont::~ConstFont()	16	static
../../Middlewares/ST/touchgfx/framework/include/touchgfx/ConstFont.hpp:35:7:virtual touchgfx::ConstFont::~ConstFont()	16	static
../../TouchGFX/generated/fonts/include/fonts/GeneratedFont.hpp:11:7:touchgfx::GeneratedFont::~GeneratedFont()	16	static
../../TouchGFX/generated/fonts/include/fonts/GeneratedFont.hpp:11:7:virtual touchgfx::GeneratedFont::~GeneratedFont()	16	static
C:/Users/USER/Desktop/pfa_final/tpe_29_04V2/tpe_27_04_v2/TouchGFX/generated/fonts/src/Table_verdana_40_4bpp.cpp:42:168:void __tcf_0()	8	static
C:/Users/USER/Desktop/pfa_final/tpe_29_04V2/tpe_27_04_v2/TouchGFX/generated/fonts/src/Table_verdana_40_4bpp.cpp:40:26:touchgfx::GeneratedFont& getFont_verdana_40_4bpp()	64	static
